2026-09-29 20:53:51 Composing the full URL
2026-09-29 21:16:28 Log something! - INFO:
2026-09-29 21:16:52 - INFO: Log something!
2026-09-29 21:17:06 INFO: Log something!
2026-09-29 22:33:14 INFO: Reshuffling user-agent header
2026-09-29 22:34:54 INFO: Reshuffling user-agent header
2026-09-29 22:35:26 INFO: Reshuffling user-agent header
2026-09-29 22:37:15 INFO: Reshuffling user-agent header
2026-09-29 22:37:37 INFO: Reshuffling user-agent header
2026-09-29 22:37:50 INFO: Reshuffling user-agent header
2026-09-29 22:37:58 INFO: Reshuffling user-agent header
2026-09-29 22:42:47 INFO: Reshuffling user-agent header
2026-09-29 22:42:54 INFO: Reshuffling user-agent header
2026-09-29 22:43:39 INFO: Reshuffling user-agent header
2026-09-29 22:43:42 INFO: Reshuffling user-agent header
2026-09-29 22:43:47 INFO: Reshuffling user-agent header
2026-09-29 22:44:32 INFO: Reshuffling user-agent header
2026-09-29 22:46:00 INFO: Reshuffling user-agent header
2026-09-29 22:46:05 INFO: Reshuffling user-agent header
2026-09-29 22:46:14 INFO: Reshuffling user-agent header
2026-09-29 22:46:33 INFO: Reshuffling user-agent header
2026-09-29 22:46:44 INFO: Reshuffling user-agent header
2026-09-29 22:46:59 INFO: Reshuffling user-agent header
2026-09-29 22:47:08 INFO: Reshuffling user-agent header
2026-09-29 22:47:20 INFO: Reshuffling user-agent header
2026-09-29 22:47:41 INFO: Reshuffling user-agent header
2026-09-29 22:48:23 INFO: Reshuffling user-agent header
2026-09-29 22:48:26 INFO: Reshuffling user-agent header
2026-09-29 22:48:42 INFO: Reshuffling user-agent header
2026-09-29 22:51:20 INFO: Reshuffled user-agent header
2026-09-29 22:51:24 INFO: Reshuffled user-agent header
2026-09-29 22:51:31 INFO: Reshuffled user-agent header
2026-09-29 22:53:15 INFO: Reshuffled user-agent header
2026-09-29 22:53:23 INFO: Reshuffled user-agent header
2026-09-29 22:55:20 INFO: Reshuffled user-agent header
2026-09-29 22:55:29 INFO: Reshuffled user-agent header
